
> my-portfolio-test@0.1.0 build
> next build

Γû▓ Next.js 16.1.6 (Turbopack)

  Creating an optimized production build ...
Γ£ô Compiled successfully in 3.9s
  Running TypeScript ...
  Collecting page data using 11 workers ...
  Generating static pages using 11 workers (0/11) ...
  Generating static pages using 11 workers (2/11) 
  Generating static pages using 11 workers (5/11) 
  Generating static pages using 11 workers (8/11) 
Γ£ô Generating static pages using 11 workers (11/11) in 496.7ms
  Finalizing page optimization ...

Route (app)
Γöî Γùï /
Γö£ Γùï /_not-found
Γö£ Γùï /about
Γö£ ╞Æ /about/[slug]
Γö£ Γùï /docs
Γö£ ╞Æ /docs/[slug]
Γö£ Γùï /mit
Γö£ Γùï /privacy-policy
Γö£ Γùï /projects
Γö£ ╞Æ /projects/[slug]
Γö£ Γùï /skills-tools
Γö£ ╞Æ /skills-tools/[slug]
Γö£ Γùï /work
Γöö ╞Æ /work/[slug]


Γùï  (Static)   prerendered as static content
╞Æ  (Dynamic)  server-rendered on demand

