src/components/navbar/nav-extra/components/search-button.tsx(59,9): error TS2322: Type '{ children: Element[]; open: boolean; onOpenChange: Dispatch<SetStateAction<boolean>>; className: string; }' is not assignable to type 'IntrinsicAttributes & CommandDialogProps'.
  Property 'className' does not exist on type 'IntrinsicAttributes & CommandDialogProps'.
